[debug] [2026-02-07T14:26:35.352Z] ----------------------------------------------------------------------
[debug] [2026-02-07T14:26:35.354Z] Command:       /Users/saai_sidd/.nvm/versions/node/v20.19.6/bin/node /Users/saai_sidd/.nvm/versions/node/v20.19.6/bin/firebase auth:import --project eleviq-app
[debug] [2026-02-07T14:26:35.354Z] CLI Version:   15.5.1
[debug] [2026-02-07T14:26:35.354Z] Platform:      darwin
[debug] [2026-02-07T14:26:35.354Z] Node Version:  v20.19.6
[debug] [2026-02-07T14:26:35.354Z] Time:          Sat Feb 07 2026 19:56:35 GMT+0530 (India Standard Time)
[debug] [2026-02-07T14:26:35.354Z] ----------------------------------------------------------------------
[debug] 
[debug] [2026-02-07T14:26:35.364Z] > command requires scopes: ["email","openid","https://www.googleapis.com/auth/cloudplatformprojects.readonly","https://www.googleapis.com/auth/firebase","https://www.googleapis.com/auth/cloud-platform"]
[debug] [2026-02-07T14:26:35.364Z] > authorizing via signed-in user (saaisiddharth2004@gmail.com)
[debug] [2026-02-07T14:26:35.364Z] [iam] checking project eleviq-app for permissions ["firebase.projects.get","firebaseauth.users.create","firebaseauth.users.update"]
[debug] [2026-02-07T14:26:35.364Z] Checked if tokens are valid: true, expires at: 1770476776072
[debug] [2026-02-07T14:26:35.364Z] Checked if tokens are valid: true, expires at: 1770476776072
[debug] [2026-02-07T14:26:35.365Z] >>> [apiv2][query] POST https://cloudresourcemanager.googleapis.com/v1/projects/eleviq-app:testIamPermissions [none]
[debug] [2026-02-07T14:26:35.365Z] >>> [apiv2][(partial)header] POST https://cloudresourcemanager.googleapis.com/v1/projects/eleviq-app:testIamPermissions  x-goog-user-project=eleviq-app
[debug] [2026-02-07T14:26:35.365Z] >>> [apiv2][body] POST https://cloudresourcemanager.googleapis.com/v1/projects/eleviq-app:testIamPermissions {"permissions":["firebase.projects.get","firebaseauth.users.create","firebaseauth.users.update"]}
[debug] [2026-02-07T14:26:37.014Z] <<< [apiv2][status] POST https://cloudresourcemanager.googleapis.com/v1/projects/eleviq-app:testIamPermissions 200
[debug] [2026-02-07T14:26:37.014Z] <<< [apiv2][body] POST https://cloudresourcemanager.googleapis.com/v1/projects/eleviq-app:testIamPermissions {"permissions":["firebase.projects.get","firebaseauth.users.create","firebaseauth.users.update"]}
[warn] ⚠  No hash algorithm specified. Password users cannot be imported. 
[debug] [2026-02-07T14:26:37.484Z] TypeError: Cannot read properties of undefined (reading 'endsWith')
    at Command.actionFn (/Users/saai_sidd/.nvm/versions/node/v20.19.6/lib/node_modules/firebase-tools/lib/commands/auth-import.js:37:19)
    at /Users/saai_sidd/.nvm/versions/node/v20.19.6/lib/node_modules/firebase-tools/lib/command.js:266:25
    at process.processTicksAndRejections (node:internal/process/task_queues:95:5)
[error] 
[error] Error: An unexpected error has occurred.
